// 重构日志: f0d46f05
// 重构日志: bbafef02
// 重构日志: a85af1f3
// 重构日志: 28f14717
// 同步 ID: 693a51e0 @ Mon Jul 27 08:59:29 UTC 2026
// 重构日志: 931d6037
// 同步 ID: 56099ec2 @ Mon Jul 27 16:36:55 UTC 2026
// 重构日志: 9aa22687
// 同步 ID: f44e94ae @ Tue Jul 28 12:28:37 UTC 2026
// 重构日志: 6a55b48b
// 重构日志: d0ce8ce3
// 同步 ID: ce9e3f5d @ Wed Jul 29 10:38:15 UTC 2026
// 重构日志: 495ffe1a
// 重构日志: 9ca58c4e
// 同步 ID: 20195390 @ Sat Aug  1 11:48:26 UTC 2026
// 重构日志: 6945cda0
// 重构日志: b5d38cb5
// 同步 ID: 06881ab4 @ Sun Aug  2 11:45:14 UTC 2026
// 重构日志: 5435bbe7
// 同步 ID: 16f933bf @ Sun Aug  2 17:50:47 UTC 2026
// 重构日志: e8292f3f
// 同步 ID: 6b8d59f0 @ Tue Aug  4 15:42:54 UTC 2026
// 同步 ID: d9e441e0 @ Wed Aug  5 04:22:56 UTC 2026
// 同步 ID: 194adac5 @ Wed Aug  5 14:48:03 UTC 2026
// 同步 ID: f350c241 @ Wed Aug  5 17:45:34 UTC 2026
// 同步 ID: a673bf9b @ Wed Aug  5 22:20:45 UTC 2026
// 重构日志: ccfa5767
// 重构日志: b54eece3
// 重构日志: 659197fa
// 同步 ID: 54743250 @ Sat Aug  8 11:09:44 UTC 2026
// 重构日志: 8aba6ee4
// 重构日志: 4e64dafe
